// Jest Snapshot v1, https://goo.gl/fbAQLP

exports[`HeroesItem renders Heroes Item component 1`] = `
Object {
  "asFragment": [Function],
  "baseElement": <body>
    <div>
      <ul
        class="heroes"
      >
        <li>
          <a
            href="/heroDetails/13"
          >
            <span
              class="badge"
            >
              13
            </span>
             
            Bombasto
          </a>
          <button
            class="delete"
            data-testid="delete-button-13"
            title="delete hero"
          >
            x
          </button>
        </li>
        <li>
          <a
            href="/heroDetails/14"
          >
            <span
              class="badge"
            >
              14
            </span>
             
            Celeritas
          </a>
          <button
            class="delete"
            data-testid="delete-button-14"
            title="delete hero"
          >
            x
          </button>
        </li>
        <li>
          <a
            href="/heroDetails/15"
          >
            <span
              class="badge"
            >
              15
            </span>
             
            Magneta
          </a>
          <button
            class="delete"
            data-testid="delete-button-15"
            title="delete hero"
          >
            x
          </button>
        </li>
        <li>
          <a
            href="/heroDetails/16"
          >
            <span
              class="badge"
            >
              16
            </span>
             
            RubberMan
          </a>
          <button
            class="delete"
            data-testid="delete-button-16"
            title="delete hero"
          >
            x
          </button>
        </li>
        <li>
          <a
            href="/heroDetails/17"
          >
            <span
              class="badge"
            >
              17
            </span>
             
            Dynama
          </a>
          <button
            class="delete"
            data-testid="delete-button-17"
            title="delete hero"
          >
            x
          </button>
        </li>
        <li>
          <a
            href="/heroDetails/18"
          >
            <span
              class="badge"
            >
              18
            </span>
             
            Dr IQ
          </a>
          <button
            class="delete"
            data-testid="delete-button-18"
            title="delete hero"
          >
            x
          </button>
        </li>
        <li>
          <a
            href="/heroDetails/19"
          >
            <span
              class="badge"
            >
              19
            </span>
             
            Magma
          </a>
          <button
            class="delete"
            data-testid="delete-button-19"
            title="delete hero"
          >
            x
          </button>
        </li>
        <li>
          <a
            href="/heroDetails/20"
          >
            <span
              class="badge"
            >
              20
            </span>
             
            Tornado
          </a>
          <button
            class="delete"
            data-testid="delete-button-20"
            title="delete hero"
          >
            x
          </button>
        </li>
      </ul>
    </div>
  </body>,
  "container": <div>
    <ul
      class="heroes"
    >
      <li>
        <a
          href="/heroDetails/13"
        >
          <span
            class="badge"
          >
            13
          </span>
           
          Bombasto
        </a>
        <button
          class="delete"
          data-testid="delete-button-13"
          title="delete hero"
        >
          x
        </button>
      </li>
      <li>
        <a
          href="/heroDetails/14"
        >
          <span
            class="badge"
          >
            14
          </span>
           
          Celeritas
        </a>
        <button
          class="delete"
          data-testid="delete-button-14"
          title="delete hero"
        >
          x
        </button>
      </li>
      <li>
        <a
          href="/heroDetails/15"
        >
          <span
            class="badge"
          >
            15
          </span>
           
          Magneta
        </a>
        <button
          class="delete"
          data-testid="delete-button-15"
          title="delete hero"
        >
          x
        </button>
      </li>
      <li>
        <a
          href="/heroDetails/16"
        >
          <span
            class="badge"
          >
            16
          </span>
           
          RubberMan
        </a>
        <button
          class="delete"
          data-testid="delete-button-16"
          title="delete hero"
        >
          x
        </button>
      </li>
      <li>
        <a
          href="/heroDetails/17"
        >
          <span
            class="badge"
          >
            17
          </span>
           
          Dynama
        </a>
        <button
          class="delete"
          data-testid="delete-button-17"
          title="delete hero"
        >
          x
        </button>
      </li>
      <li>
        <a
          href="/heroDetails/18"
        >
          <span
            class="badge"
          >
            18
          </span>
           
          Dr IQ
        </a>
        <button
          class="delete"
          data-testid="delete-button-18"
          title="delete hero"
        >
          x
        </button>
      </li>
      <li>
        <a
          href="/heroDetails/19"
        >
          <span
            class="badge"
          >
            19
          </span>
           
          Magma
        </a>
        <button
          class="delete"
          data-testid="delete-button-19"
          title="delete hero"
        >
          x
        </button>
      </li>
      <li>
        <a
          href="/heroDetails/20"
        >
          <span
            class="badge"
          >
            20
          </span>
           
          Tornado
        </a>
        <button
          class="delete"
          data-testid="delete-button-20"
          title="delete hero"
        >
          x
        </button>
      </li>
    </ul>
  </div>,
  "debug": [Function],
  "findAllByAltText": [Function],
  "findAllByDisplayValue": [Function],
  "findAllByLabelText": [Function],
  "findAllByPlaceholderText": [Function],
  "findAllByRole": [Function],
  "findAllByTestId": [Function],
  "findAllByText": [Function],
  "findAllByTitle": [Function],
  "findByAltText": [Function],
  "findByDisplayValue": [Function],
  "findByLabelText": [Function],
  "findByPlaceholderText": [Function],
  "findByRole": [Function],
  "findByTestId": [Function],
  "findByText": [Function],
  "findByTitle": [Function],
  "getAllByAltText": [Function],
  "getAllByDisplayValue": [Function],
  "getAllByLabelText": [Function],
  "getAllByPlaceholderText": [Function],
  "getAllByRole": [Function],
  "getAllByTestId": [Function],
  "getAllByText": [Function],
  "getAllByTitle": [Function],
  "getByAltText": [Function],
  "getByDisplayValue": [Function],
  "getByLabelText": [Function],
  "getByPlaceholderText": [Function],
  "getByRole": [Function],
  "getByTestId": [Function],
  "getByText": [Function],
  "getByTitle": [Function],
  "queryAllByAltText": [Function],
  "queryAllByDisplayValue": [Function],
  "queryAllByLabelText": [Function],
  "queryAllByPlaceholderText": [Function],
  "queryAllByRole": [Function],
  "queryAllByTestId": [Function],
  "queryAllByText": [Function],
  "queryAllByTitle": [Function],
  "queryByAltText": [Function],
  "queryByDisplayValue": [Function],
  "queryByLabelText": [Function],
  "queryByPlaceholderText": [Function],
  "queryByRole": [Function],
  "queryByTestId": [Function],
  "queryByText": [Function],
  "queryByTitle": [Function],
  "rerender": [Function],
  "unmount": [Function],
}
`;
