// Jest Snapshot v1, https://goo.gl/fbAQLP

exports[`App renders App component 1`] = `
Object {
  "asFragment": [Function],
  "baseElement": <body>
    <div>
      <div>
        <h1>
          Tour of Heroes
        </h1>
        <ul
          class="header"
        >
          <li>
            <a
              href="/"
            >
              Dashboard
            </a>
          </li>
          <li>
            <a
              href="/heroes"
            >
              Heroes
            </a>
          </li>
        </ul>
        <div
          class="content"
        >
          <div>
            <h2>
              Top Heroes
            </h2>
            <div>
              <div>
                <a
                  href="/heroDetails/13"
                >
                  Bombasto
                </a>
              </div>
              <div>
                <a
                  href="/heroDetails/14"
                >
                  Celeritas
                </a>
              </div>
              <div>
                <a
                  href="/heroDetails/15"
                >
                  Magneta
                </a>
              </div>
              <div>
                <a
                  href="/heroDetails/16"
                >
                  RubberMan
                </a>
              </div>
              <div>
                <a
                  href="/heroDetails/17"
                >
                  Dynama
                </a>
              </div>
              <div>
                <a
                  href="/heroDetails/18"
                >
                  Dr IQ
                </a>
              </div>
              <div>
                <a
                  href="/heroDetails/19"
                >
                  Magma
                </a>
              </div>
              <div>
                <a
                  href="/heroDetails/20"
                >
                  Tornado
                </a>
              </div>
            </div>
            <label
              for="search"
            >
              Hero Search:
              <input
                id="search"
                name="search"
                placeholder="Hero name"
                type="text"
                value=""
              />
            </label>
            <ul>
              <li>
                <a
                  href="/hero-detail/13"
                >
                  Bombasto
                </a>
              </li>
              <li>
                <a
                  href="/hero-detail/14"
                >
                  Celeritas
                </a>
              </li>
              <li>
                <a
                  href="/hero-detail/15"
                >
                  Magneta
                </a>
              </li>
              <li>
                <a
                  href="/hero-detail/16"
                >
                  RubberMan
                </a>
              </li>
              <li>
                <a
                  href="/hero-detail/17"
                >
                  Dynama
                </a>
              </li>
              <li>
                <a
                  href="/hero-detail/18"
                >
                  Dr IQ
                </a>
              </li>
              <li>
                <a
                  href="/hero-detail/19"
                >
                  Magma
                </a>
              </li>
              <li>
                <a
                  href="/hero-detail/20"
                >
                  Tornado
                </a>
              </li>
            </ul>
          </div>
        </div>
      </div>
    </div>
  </body>,
  "container": <div>
    <div>
      <h1>
        Tour of Heroes
      </h1>
      <ul
        class="header"
      >
        <li>
          <a
            href="/"
          >
            Dashboard
          </a>
        </li>
        <li>
          <a
            href="/heroes"
          >
            Heroes
          </a>
        </li>
      </ul>
      <div
        class="content"
      >
        <div>
          <h2>
            Top Heroes
          </h2>
          <div>
            <div>
              <a
                href="/heroDetails/13"
              >
                Bombasto
              </a>
            </div>
            <div>
              <a
                href="/heroDetails/14"
              >
                Celeritas
              </a>
            </div>
            <div>
              <a
                href="/heroDetails/15"
              >
                Magneta
              </a>
            </div>
            <div>
              <a
                href="/heroDetails/16"
              >
                RubberMan
              </a>
            </div>
            <div>
              <a
                href="/heroDetails/17"
              >
                Dynama
              </a>
            </div>
            <div>
              <a
                href="/heroDetails/18"
              >
                Dr IQ
              </a>
            </div>
            <div>
              <a
                href="/heroDetails/19"
              >
                Magma
              </a>
            </div>
            <div>
              <a
                href="/heroDetails/20"
              >
                Tornado
              </a>
            </div>
          </div>
          <label
            for="search"
          >
            Hero Search:
            <input
              id="search"
              name="search"
              placeholder="Hero name"
              type="text"
              value=""
            />
          </label>
          <ul>
            <li>
              <a
                href="/hero-detail/13"
              >
                Bombasto
              </a>
            </li>
            <li>
              <a
                href="/hero-detail/14"
              >
                Celeritas
              </a>
            </li>
            <li>
              <a
                href="/hero-detail/15"
              >
                Magneta
              </a>
            </li>
            <li>
              <a
                href="/hero-detail/16"
              >
                RubberMan
              </a>
            </li>
            <li>
              <a
                href="/hero-detail/17"
              >
                Dynama
              </a>
            </li>
            <li>
              <a
                href="/hero-detail/18"
              >
                Dr IQ
              </a>
            </li>
            <li>
              <a
                href="/hero-detail/19"
              >
                Magma
              </a>
            </li>
            <li>
              <a
                href="/hero-detail/20"
              >
                Tornado
              </a>
            </li>
          </ul>
        </div>
      </div>
    </div>
  </div>,
  "debug": [Function],
  "findAllByAltText": [Function],
  "findAllByDisplayValue": [Function],
  "findAllByLabelText": [Function],
  "findAllByPlaceholderText": [Function],
  "findAllByRole": [Function],
  "findAllByTestId": [Function],
  "findAllByText": [Function],
  "findAllByTitle": [Function],
  "findByAltText": [Function],
  "findByDisplayValue": [Function],
  "findByLabelText": [Function],
  "findByPlaceholderText": [Function],
  "findByRole": [Function],
  "findByTestId": [Function],
  "findByText": [Function],
  "findByTitle": [Function],
  "getAllByAltText": [Function],
  "getAllByDisplayValue": [Function],
  "getAllByLabelText": [Function],
  "getAllByPlaceholderText": [Function],
  "getAllByRole": [Function],
  "getAllByTestId": [Function],
  "getAllByText": [Function],
  "getAllByTitle": [Function],
  "getByAltText": [Function],
  "getByDisplayValue": [Function],
  "getByLabelText": [Function],
  "getByPlaceholderText": [Function],
  "getByRole": [Function],
  "getByTestId": [Function],
  "getByText": [Function],
  "getByTitle": [Function],
  "queryAllByAltText": [Function],
  "queryAllByDisplayValue": [Function],
  "queryAllByLabelText": [Function],
  "queryAllByPlaceholderText": [Function],
  "queryAllByRole": [Function],
  "queryAllByTestId": [Function],
  "queryAllByText": [Function],
  "queryAllByTitle": [Function],
  "queryByAltText": [Function],
  "queryByDisplayValue": [Function],
  "queryByLabelText": [Function],
  "queryByPlaceholderText": [Function],
  "queryByRole": [Function],
  "queryByTestId": [Function],
  "queryByText": [Function],
  "queryByTitle": [Function],
  "rerender": [Function],
  "unmount": [Function],
}
`;
